{
  "$schema": "https://json.schemastore.org/sarif-2.1.0.json",
  "version": "2.1.0",
  "runs": [
    {
      "tool": {
        "driver": {
          "name": "ctguard",
          "version": "<VERSION>",
          "informationUri": "https://github.com/oasilturk/ctguard",
          "rules": [
            {
              "id": "CT001",
              "name": "SecretDependentBranch",
              "shortDescription": {
                "text": "Secret-dependent branch"
              },
              "fullDescription": {
                "text": "Detects control flow that depends on secret data, which can leak information through timing differences."
              },
              "helpUri": "https://github.com/oasilturk/ctguard#ct001",
              "defaultConfiguration": {
                "level": "error"
              }
            },
            {
              "id": "CT002",
              "name": "NonConstantTimeComparison",
              "shortDescription": {
                "text": "Non-constant-time comparison"
              },
              "fullDescription": {
                "text": "Detects use of variable-time comparison operations (bytes.Equal, strings.Compare, ==) with secret data. Use crypto/subtle for constant-time comparisons."
              },
              "helpUri": "https://github.com/oasilturk/ctguard#ct002",
              "defaultConfiguration": {
                "level": "error"
              }
            },
            {
              "id": "CT003",
              "name": "SecretDependentIndexing",
              "shortDescription": {
                "text": "Secret-dependent indexing"
              },
              "fullDescription": {
                "text": "Detects array, slice, and map indexing where the index depends on secret data. This can leak information through cache-timing side-channels."
              },
              "helpUri": "https://github.com/oasilturk/ctguard#ct003",
              "defaultConfiguration": {
                "level": "error"
              }
            },
            {
              "id": "CT004",
              "name": "SecretDataExposure",
              "shortDescription": {
                "text": "Secret data exposure"
              },
              "fullDescription": {
                "text": "Detects when secret data is passed to logging, printing, or error formatting functions. Secrets may be exposed in logs, console output, or error messages."
              },
              "helpUri": "https://github.com/oasilturk/ctguard#ct004",
              "defaultConfiguration": {
                "level": "error"
              }
            },
            {
              "id": "CT005",
              "name": "VariableTimeArithmetic",
              "shortDescription": {
                "text": "Variable-time arithmetic"
              },
              "fullDescription": {
                "text": "Detects use of variable-time arithmetic operations (/, %, \u003c\u003c, \u003e\u003e) with secret data. Use crypto/subtle for constant-time arithmetic."
              },
              "helpUri": "https://github.com/oasilturk/ctguard#ct005",
              "defaultConfiguration": {
                "level": "error"
              }
            }
          ]
        }
      },
      "results": [
        {
          "ruleId": "CT005",
          "level": "error",
          "message": {
            "text": "division operates on secret 'key'"
          },
          "locations": [
            {
              "physicalLocation": {
                "artifactLocation": {
                  "uri": "testdata/src/arithmetic/arithmetic.go",
                  "uriBaseId": "%SRCROOT%"
                },
                "region": {
                  "startLine": 12,
                  "startColumn": 15
                }
              }
            }
          ]
        },
        {
          "ruleId": "CT005",
          "level": "error",
          "message": {
            "text": "division operates on secret 'divisor'"
          },
          "locations": [
            {
              "physicalLocation": {
                "artifactLocation": {
                  "uri": "testdata/src/arithmetic/arithmetic.go",
                  "uriBaseId": "%SRCROOT%"
                },
                "region": {
                  "startLine": 17,
                  "startColumn": 15
                }
              }
            }
          ]
        },
        {
          "ruleId": "CT005",
          "level": "error",
          "message": {
            "text": "remainder operates on secret 'key'"
          },
          "locations": [
            {
              "physicalLocation": {
                "artifactLocation": {
                  "uri": "testdata/src/arithmetic/arithmetic.go",
                  "uriBaseId": "%SRCROOT%"
                },
                "region": {
                  "startLine": 22,
                  "startColumn": 15
                }
              }
            }
          ]
        },
        {
          "ruleId": "CT005",
          "level": "error",
          "message": {
            "text": "remainder operates on secret 'data'"
          },
          "locations": [
            {
              "physicalLocation": {
                "artifactLocation": {
                  "uri": "testdata/src/arithmetic/arithmetic.go",
                  "uriBaseId": "%SRCROOT%"
                },
                "region": {
                  "startLine": 27,
                  "startColumn": 14
                }
              }
            }
          ]
        },
        {
          "ruleId": "CT005",
          "level": "error",
          "message": {
            "text": "shift operates on secret 'shift'"
          },
          "locations": [
            {
              "physicalLocation": {
                "artifactLocation": {
                  "uri": "testdata/src/arithmetic/arithmetic.go",
                  "uriBaseId": "%SRCROOT%"
                },
                "region": {
                  "startLine": 32,
                  "startColumn": 15
                }
              }
            }
          ]
        },
        {
          "ruleId": "CT005",
          "level": "error",
          "message": {
            "text": "shift operates on secret 'shift'"
          },
          "locations": [
            {
              "physicalLocation": {
                "artifactLocation": {
                  "uri": "testdata/src/arithmetic/arithmetic.go",
                  "uriBaseId": "%SRCROOT%"
                },
                "region": {
                  "startLine": 37,
                  "startColumn": 15
                }
              }
            }
          ]
        },
        {
          "ruleId": "CT005",
          "level": "error",
          "message": {
            "text": "shift operates on secret 'data'"
          },
          "locations": [
            {
              "physicalLocation": {
                "artifactLocation": {
                  "uri": "testdata/src/arithmetic/arithmetic.go",
                  "uriBaseId": "%SRCROOT%"
                },
                "region": {
                  "startLine": 42,
                  "startColumn": 14
                }
              }
            }
          ]
        },
        {
          "ruleId": "CT005",
          "level": "error",
          "message": {
            "text": "division operates on secret 'secret'"
          },
          "locations": [
            {
              "physicalLocation": {
                "artifactLocation": {
                  "uri": "testdata/src/arithmetic/arithmetic.go",
                  "uriBaseId": "%SRCROOT%"
                },
                "region": {
                  "startLine": 77,
                  "startColumn": 16
                }
              }
            }
          ]
        },
        {
          "ruleId": "CT005",
          "level": "error",
          "message": {
            "text": "division operates on secret 'divisor'"
          },
          "locations": [
            {
              "physicalLocation": {
                "artifactLocation": {
                  "uri": "testdata/src/arithmetic/arithmetic.go",
                  "uriBaseId": "%SRCROOT%"
                },
                "region": {
                  "startLine": 82,
                  "startColumn": 14
                }
              }
            }
          ]
        },
        {
          "ruleId": "CT005",
          "level": "error",
          "message": {
            "text": "division operates on secret 'key'"
          },
          "locations": [
            {
              "physicalLocation": {
                "artifactLocation": {
                  "uri": "testdata/src/arithmetic/arithmetic.go",
                  "uriBaseId": "%SRCROOT%"
                },
                "region": {
                  "startLine": 88,
                  "startColumn": 17
                }
              }
            }
          ]
        },
        {
          "ruleId": "CT005",
          "level": "error",
          "message": {
            "text": "math.Mod uses secret 'x'"
          },
          "locations": [
            {
              "physicalLocation": {
                "artifactLocation": {
                  "uri": "testdata/src/arithmetic/arithmetic.go",
                  "uriBaseId": "%SRCROOT%"
                },
                "region": {
                  "startLine": 97,
                  "startColumn": 17
                }
              }
            }
          ]
        },
        {
          "ruleId": "CT005",
          "level": "error",
          "message": {
            "text": "math.Remainder uses secret 'x'"
          },
          "locations": [
            {
              "physicalLocation": {
                "artifactLocation": {
                  "uri": "testdata/src/arithmetic/arithmetic.go",
                  "uriBaseId": "%SRCROOT%"
                },
                "region": {
                  "startLine": 102,
                  "startColumn": 23
                }
              }
            }
          ]
        },
        {
          "ruleId": "CT005",
          "level": "error",
          "message": {
            "text": "math/bits.RotateLeft uses secret 'n'"
          },
          "locations": [
            {
              "physicalLocation": {
                "artifactLocation": {
                  "uri": "testdata/src/arithmetic/arithmetic.go",
                  "uriBaseId": "%SRCROOT%"
                },
                "region": {
                  "startLine": 107,
                  "startColumn": 24
                }
              }
            }
          ]
        },
        {
          "ruleId": "CT005",
          "level": "error",
          "message": {
            "text": "math/bits.RotateLeft8 uses secret 'data'"
          },
          "locations": [
            {
              "physicalLocation": {
                "artifactLocation": {
                  "uri": "testdata/src/arithmetic/arithmetic.go",
                  "uriBaseId": "%SRCROOT%"
                },
                "region": {
                  "startLine": 112,
                  "startColumn": 25
                }
              }
            }
          ]
        }
      ]
    }
  ]
}
