testdata/src/comparisons/comparisons.go:12:17 CT002: non-constant-time comparison (bytes.Equal) uses secret data in github.com/oasilturk/ctguard/testdata/src/comparisons.unsafeCompare
testdata/src/comparisons/comparisons.go:19:16 CT002: non-constant-time string comparison uses secret data in github.com/oasilturk/ctguard/testdata/src/comparisons.stringCompare
