[
  {
    "pos": "testdata/src/comparisons/comparisons.go:12:17",
    "message": "CT002: bytes.Equal uses secret 'key'",
    "rule": "CT002"
  },
  {
    "pos": "testdata/src/comparisons/comparisons.go:19:16",
    "message": "CT002: string comparison uses secret 'password'",
    "rule": "CT002"
  }
]
