testdata/src/comparisons/comparisons.go:12:17 CT002: bytes.Equal uses secret 'key' in github.com/oasilturk/ctguard/testdata/src/comparisons.unsafeCompare
testdata/src/comparisons/comparisons.go:19:16 CT002: string comparison uses secret 'password' in github.com/oasilturk/ctguard/testdata/src/comparisons.stringCompare
