[
  {
    "pos": "testdata/src/comparisons/comparisons.go:12:17",
    "message": "CT002: bytes.Equal uses secret 'key' in github.com/oasilturk/ctguard/testdata/src/comparisons.unsafeCompare",
    "rule": "CT002"
  },
  {
    "pos": "testdata/src/comparisons/comparisons.go:19:16",
    "message": "CT002: string comparison uses secret 'password' in github.com/oasilturk/ctguard/testdata/src/comparisons.stringCompare",
    "rule": "CT002"
  }
]
