[
  {
    "pos": "testdata/src/edge/edge.go:20:19",
    "message": "CT001: branch depends on secret 'key' in github.com/oasilturk/ctguard/testdata/src/edge.multipleComparisons",
    "rule": "CT001"
  },
  {
    "pos": "testdata/src/edge/edge.go:21:19",
    "message": "CT001: branch depends on secret 'key' in github.com/oasilturk/ctguard/testdata/src/edge.multipleComparisons",
    "rule": "CT001"
  },
  {
    "pos": "testdata/src/edge/edge.go:31:14",
    "message": "CT001: branch depends on secret 'password' in github.com/oasilturk/ctguard/testdata/src/edge.stringOps",
    "rule": "CT001"
  },
  {
    "pos": "testdata/src/edge/edge.go:36:39",
    "message": "CT001: branch depends on secret 'password' in github.com/oasilturk/ctguard/testdata/src/edge.stringOps",
    "rule": "CT001"
  },
  {
    "pos": "testdata/src/edge/edge.go:48:7",
    "message": "CT001: branch depends on secret 'mode' in github.com/oasilturk/ctguard/testdata/src/edge.switchOnSecret",
    "rule": "CT001"
  },
  {
    "pos": "testdata/src/edge/edge.go:50:7",
    "message": "CT001: branch depends on secret 'mode' in github.com/oasilturk/ctguard/testdata/src/edge.switchOnSecret",
    "rule": "CT001"
  },
  {
    "pos": "testdata/src/edge/edge.go:20:19",
    "message": "CT002: bytes.Equal uses secret 'key' in github.com/oasilturk/ctguard/testdata/src/edge.multipleComparisons",
    "rule": "CT002"
  },
  {
    "pos": "testdata/src/edge/edge.go:21:19",
    "message": "CT002: bytes.Equal uses secret 'key' in github.com/oasilturk/ctguard/testdata/src/edge.multipleComparisons",
    "rule": "CT002"
  },
  {
    "pos": "testdata/src/edge/edge.go:22:19",
    "message": "CT002: bytes.Equal uses secret 'key' in github.com/oasilturk/ctguard/testdata/src/edge.multipleComparisons",
    "rule": "CT002"
  },
  {
    "pos": "testdata/src/edge/edge.go:31:14",
    "message": "CT002: string comparison uses secret 'password' in github.com/oasilturk/ctguard/testdata/src/edge.stringOps",
    "rule": "CT002"
  },
  {
    "pos": "testdata/src/edge/edge.go:36:20",
    "message": "CT002: strings.Compare uses secret 'password' in github.com/oasilturk/ctguard/testdata/src/edge.stringOps",
    "rule": "CT002"
  }
]
