testdata/src/edge/edge.go:20:19 CT002: non-constant-time comparison (bytes.Equal) uses secret data in github.com/oasilturk/ctguard/testdata/src/edge.multipleComparisons
testdata/src/edge/edge.go:21:19 CT002: non-constant-time comparison (bytes.Equal) uses secret data in github.com/oasilturk/ctguard/testdata/src/edge.multipleComparisons
testdata/src/edge/edge.go:22:19 CT002: non-constant-time comparison (bytes.Equal) uses secret data in github.com/oasilturk/ctguard/testdata/src/edge.multipleComparisons
testdata/src/edge/edge.go:31:14 CT002: non-constant-time string comparison uses secret data in github.com/oasilturk/ctguard/testdata/src/edge.stringOps
testdata/src/edge/edge.go:36:20 CT002: non-constant-time comparison (strings.Compare) uses secret data in github.com/oasilturk/ctguard/testdata/src/edge.stringOps
