[
  {
    "pos": "testdata/src/exposure/exposure.go:15:11",
    "message": "CT004: secret data passed to fmt.Print in github.com/oasilturk/ctguard/testdata/src/exposure.printSecret",
    "rule": "CT004"
  },
  {
    "pos": "testdata/src/exposure/exposure.go:16:12",
    "message": "CT004: secret data passed to fmt.Printf in github.com/oasilturk/ctguard/testdata/src/exposure.printSecret",
    "rule": "CT004"
  },
  {
    "pos": "testdata/src/exposure/exposure.go:17:13",
    "message": "CT004: secret data passed to fmt.Println in github.com/oasilturk/ctguard/testdata/src/exposure.printSecret",
    "rule": "CT004"
  },
  {
    "pos": "testdata/src/exposure/exposure.go:24:16",
    "message": "CT004: secret data passed to fmt.Sprint in github.com/oasilturk/ctguard/testdata/src/exposure.sprintSecret",
    "rule": "CT004"
  },
  {
    "pos": "testdata/src/exposure/exposure.go:25:17",
    "message": "CT004: secret data passed to fmt.Sprintf in github.com/oasilturk/ctguard/testdata/src/exposure.sprintSecret",
    "rule": "CT004"
  },
  {
    "pos": "testdata/src/exposure/exposure.go:26:21",
    "message": "CT004: secret data passed to fmt.Sprintln in github.com/oasilturk/ctguard/testdata/src/exposure.sprintSecret",
    "rule": "CT004"
  },
  {
    "pos": "testdata/src/exposure/exposure.go:33:12",
    "message": "CT004: secret data passed to fmt.Fprint in github.com/oasilturk/ctguard/testdata/src/exposure.fprintSecret",
    "rule": "CT004"
  },
  {
    "pos": "testdata/src/exposure/exposure.go:34:13",
    "message": "CT004: secret data passed to fmt.Fprintf in github.com/oasilturk/ctguard/testdata/src/exposure.fprintSecret",
    "rule": "CT004"
  },
  {
    "pos": "testdata/src/exposure/exposure.go:35:14",
    "message": "CT004: secret data passed to fmt.Fprintln in github.com/oasilturk/ctguard/testdata/src/exposure.fprintSecret",
    "rule": "CT004"
  },
  {
    "pos": "testdata/src/exposure/exposure.go:42:19",
    "message": "CT004: secret data passed to fmt.Errorf in github.com/oasilturk/ctguard/testdata/src/exposure.errorWithSecret",
    "rule": "CT004"
  },
  {
    "pos": "testdata/src/exposure/exposure.go:49:11",
    "message": "CT004: secret data passed to log.Print in github.com/oasilturk/ctguard/testdata/src/exposure.logSecret",
    "rule": "CT004"
  },
  {
    "pos": "testdata/src/exposure/exposure.go:50:12",
    "message": "CT004: secret data passed to log.Printf in github.com/oasilturk/ctguard/testdata/src/exposure.logSecret",
    "rule": "CT004"
  },
  {
    "pos": "testdata/src/exposure/exposure.go:51:13",
    "message": "CT004: secret data passed to log.Println in github.com/oasilturk/ctguard/testdata/src/exposure.logSecret",
    "rule": "CT004"
  },
  {
    "pos": "testdata/src/exposure/exposure.go:59:13",
    "message": "CT004: secret data passed to fmt.Println in github.com/oasilturk/ctguard/testdata/src/exposure.derivedSecret",
    "rule": "CT004"
  },
  {
    "pos": "testdata/src/exposure/exposure.go:80:13",
    "message": "CT004: secret data passed to fmt.Println in github.com/oasilturk/ctguard/testdata/src/exposure.multipleSecrets",
    "rule": "CT004"
  },
  {
    "pos": "testdata/src/exposure/exposure.go:81:13",
    "message": "CT004: secret data passed to fmt.Println in github.com/oasilturk/ctguard/testdata/src/exposure.multipleSecrets",
    "rule": "CT004"
  }
]
