{
  "$schema": "https://json.schemastore.org/sarif-2.1.0.json",
  "version": "2.1.0",
  "runs": [
    {
      "tool": {
        "driver": {
          "name": "ctguard",
          "version": "<VERSION>",
          "informationUri": "https://github.com/oasilturk/ctguard",
          "rules": [
            {
              "id": "CT001",
              "name": "SecretDependentBranch",
              "shortDescription": {
                "text": "Secret-dependent branch"
              },
              "fullDescription": {
                "text": "Detects control flow that depends on secret data, which can leak information through timing differences."
              },
              "helpUri": "https://github.com/oasilturk/ctguard#ct001",
              "defaultConfiguration": {
                "level": "error"
              }
            },
            {
              "id": "CT002",
              "name": "NonConstantTimeComparison",
              "shortDescription": {
                "text": "Non-constant-time comparison"
              },
              "fullDescription": {
                "text": "Detects use of variable-time comparison operations (bytes.Equal, strings.Compare, ==) with secret data. Use crypto/subtle for constant-time comparisons."
              },
              "helpUri": "https://github.com/oasilturk/ctguard#ct002",
              "defaultConfiguration": {
                "level": "error"
              }
            },
            {
              "id": "CT003",
              "name": "SecretDependentIndexing",
              "shortDescription": {
                "text": "Secret-dependent indexing"
              },
              "fullDescription": {
                "text": "Detects array, slice, and map indexing where the index depends on secret data. This can leak information through cache-timing side-channels."
              },
              "helpUri": "https://github.com/oasilturk/ctguard#ct003",
              "defaultConfiguration": {
                "level": "error"
              }
            },
            {
              "id": "CT004",
              "name": "SecretDataExposure",
              "shortDescription": {
                "text": "Secret data exposure"
              },
              "fullDescription": {
                "text": "Detects when secret data is passed to logging, printing, or error formatting functions. Secrets may be exposed in logs, console output, or error messages."
              },
              "helpUri": "https://github.com/oasilturk/ctguard#ct004",
              "defaultConfiguration": {
                "level": "error"
              }
            },
            {
              "id": "CT005",
              "name": "VariableTimeArithmetic",
              "shortDescription": {
                "text": "Variable-time arithmetic"
              },
              "fullDescription": {
                "text": "Detects use of variable-time arithmetic operations (/, %, \u003c\u003c, \u003e\u003e) with secret data. Use crypto/subtle for constant-time arithmetic."
              },
              "helpUri": "https://github.com/oasilturk/ctguard#ct005",
              "defaultConfiguration": {
                "level": "error"
              }
            },
            {
              "id": "CT006",
              "name": "ChannelOperationsWithSecretData",
              "shortDescription": {
                "text": "Channel operations with secret data"
              },
              "fullDescription": {
                "text": "Detects when secret data is sent to or received from channels. Channel communication can leak timing information and create attack surfaces where goroutines can observe secret data."
              },
              "helpUri": "https://github.com/oasilturk/ctguard#ct006",
              "defaultConfiguration": {
                "level": "error"
              }
            },
            {
              "id": "CT007",
              "name": "SecretDataInIOSink",
              "shortDescription": {
                "text": "Secret data in I/O sink within isolated region"
              },
              "fullDescription": {
                "text": "Detects when secret-tainted values flow into network, file, or syscall I/O functions inside //ctguard:isolated regions. Isolated regions are code sections that must not leak secrets through I/O operations."
              },
              "helpUri": "https://github.com/oasilturk/ctguard#ct007",
              "defaultConfiguration": {
                "level": "error"
              }
            }
          ]
        }
      },
      "results": [
        {
          "ruleId": "CT004",
          "level": "error",
          "message": {
            "text": "secret 'apiKey' passed to fmt.Print (confidence: high)"
          },
          "locations": [
            {
              "physicalLocation": {
                "artifactLocation": {
                  "uri": "testdata/src/exposure/exposure.go",
                  "uriBaseId": "%SRCROOT%"
                },
                "region": {
                  "startLine": 15,
                  "startColumn": 11
                }
              }
            }
          ]
        },
        {
          "ruleId": "CT004",
          "level": "error",
          "message": {
            "text": "secret 'apiKey' passed to fmt.Printf (confidence: high)"
          },
          "locations": [
            {
              "physicalLocation": {
                "artifactLocation": {
                  "uri": "testdata/src/exposure/exposure.go",
                  "uriBaseId": "%SRCROOT%"
                },
                "region": {
                  "startLine": 16,
                  "startColumn": 12
                }
              }
            }
          ]
        },
        {
          "ruleId": "CT004",
          "level": "error",
          "message": {
            "text": "secret 'apiKey' passed to fmt.Println (confidence: high)"
          },
          "locations": [
            {
              "physicalLocation": {
                "artifactLocation": {
                  "uri": "testdata/src/exposure/exposure.go",
                  "uriBaseId": "%SRCROOT%"
                },
                "region": {
                  "startLine": 17,
                  "startColumn": 13
                }
              }
            }
          ]
        },
        {
          "ruleId": "CT004",
          "level": "error",
          "message": {
            "text": "secret 'token' passed to fmt.Sprint (confidence: high)"
          },
          "locations": [
            {
              "physicalLocation": {
                "artifactLocation": {
                  "uri": "testdata/src/exposure/exposure.go",
                  "uriBaseId": "%SRCROOT%"
                },
                "region": {
                  "startLine": 24,
                  "startColumn": 16
                }
              }
            }
          ]
        },
        {
          "ruleId": "CT004",
          "level": "error",
          "message": {
            "text": "secret 'token' passed to fmt.Sprintf (confidence: high)"
          },
          "locations": [
            {
              "physicalLocation": {
                "artifactLocation": {
                  "uri": "testdata/src/exposure/exposure.go",
                  "uriBaseId": "%SRCROOT%"
                },
                "region": {
                  "startLine": 25,
                  "startColumn": 17
                }
              }
            }
          ]
        },
        {
          "ruleId": "CT004",
          "level": "error",
          "message": {
            "text": "secret 'token' passed to fmt.Sprintln (confidence: high)"
          },
          "locations": [
            {
              "physicalLocation": {
                "artifactLocation": {
                  "uri": "testdata/src/exposure/exposure.go",
                  "uriBaseId": "%SRCROOT%"
                },
                "region": {
                  "startLine": 26,
                  "startColumn": 21
                }
              }
            }
          ]
        },
        {
          "ruleId": "CT004",
          "level": "error",
          "message": {
            "text": "secret 'password' passed to fmt.Fprint (confidence: high)"
          },
          "locations": [
            {
              "physicalLocation": {
                "artifactLocation": {
                  "uri": "testdata/src/exposure/exposure.go",
                  "uriBaseId": "%SRCROOT%"
                },
                "region": {
                  "startLine": 33,
                  "startColumn": 12
                }
              }
            }
          ]
        },
        {
          "ruleId": "CT004",
          "level": "error",
          "message": {
            "text": "secret 'password' passed to fmt.Fprintf (confidence: high)"
          },
          "locations": [
            {
              "physicalLocation": {
                "artifactLocation": {
                  "uri": "testdata/src/exposure/exposure.go",
                  "uriBaseId": "%SRCROOT%"
                },
                "region": {
                  "startLine": 34,
                  "startColumn": 13
                }
              }
            }
          ]
        },
        {
          "ruleId": "CT004",
          "level": "error",
          "message": {
            "text": "secret 'password' passed to fmt.Fprintln (confidence: high)"
          },
          "locations": [
            {
              "physicalLocation": {
                "artifactLocation": {
                  "uri": "testdata/src/exposure/exposure.go",
                  "uriBaseId": "%SRCROOT%"
                },
                "region": {
                  "startLine": 35,
                  "startColumn": 14
                }
              }
            }
          ]
        },
        {
          "ruleId": "CT004",
          "level": "error",
          "message": {
            "text": "secret 'secret' passed to fmt.Errorf (confidence: high)"
          },
          "locations": [
            {
              "physicalLocation": {
                "artifactLocation": {
                  "uri": "testdata/src/exposure/exposure.go",
                  "uriBaseId": "%SRCROOT%"
                },
                "region": {
                  "startLine": 42,
                  "startColumn": 19
                }
              }
            }
          ]
        },
        {
          "ruleId": "CT004",
          "level": "error",
          "message": {
            "text": "secret 'key' passed to log.Print (confidence: high)"
          },
          "locations": [
            {
              "physicalLocation": {
                "artifactLocation": {
                  "uri": "testdata/src/exposure/exposure.go",
                  "uriBaseId": "%SRCROOT%"
                },
                "region": {
                  "startLine": 49,
                  "startColumn": 11
                }
              }
            }
          ]
        },
        {
          "ruleId": "CT004",
          "level": "error",
          "message": {
            "text": "secret 'key' passed to log.Printf (confidence: high)"
          },
          "locations": [
            {
              "physicalLocation": {
                "artifactLocation": {
                  "uri": "testdata/src/exposure/exposure.go",
                  "uriBaseId": "%SRCROOT%"
                },
                "region": {
                  "startLine": 50,
                  "startColumn": 12
                }
              }
            }
          ]
        },
        {
          "ruleId": "CT004",
          "level": "error",
          "message": {
            "text": "secret 'key' passed to log.Println (confidence: high)"
          },
          "locations": [
            {
              "physicalLocation": {
                "artifactLocation": {
                  "uri": "testdata/src/exposure/exposure.go",
                  "uriBaseId": "%SRCROOT%"
                },
                "region": {
                  "startLine": 51,
                  "startColumn": 13
                }
              }
            }
          ]
        },
        {
          "ruleId": "CT004",
          "level": "error",
          "message": {
            "text": "secret 'secret' passed to fmt.Println (confidence: high)"
          },
          "locations": [
            {
              "physicalLocation": {
                "artifactLocation": {
                  "uri": "testdata/src/exposure/exposure.go",
                  "uriBaseId": "%SRCROOT%"
                },
                "region": {
                  "startLine": 59,
                  "startColumn": 13
                }
              }
            }
          ]
        },
        {
          "ruleId": "CT004",
          "level": "error",
          "message": {
            "text": "secret 'key' passed to fmt.Println (confidence: high)"
          },
          "locations": [
            {
              "physicalLocation": {
                "artifactLocation": {
                  "uri": "testdata/src/exposure/exposure.go",
                  "uriBaseId": "%SRCROOT%"
                },
                "region": {
                  "startLine": 80,
                  "startColumn": 13
                }
              }
            }
          ]
        },
        {
          "ruleId": "CT004",
          "level": "error",
          "message": {
            "text": "secret 'token' passed to fmt.Println (confidence: high)"
          },
          "locations": [
            {
              "physicalLocation": {
                "artifactLocation": {
                  "uri": "testdata/src/exposure/exposure.go",
                  "uriBaseId": "%SRCROOT%"
                },
                "region": {
                  "startLine": 81,
                  "startColumn": 13
                }
              }
            }
          ]
        }
      ]
    }
  ]
}
