testdata/src/exposure/exposure.go:15:11 CT004: secret 'apiKey' passed to fmt.Print in github.com/oasilturk/ctguard/testdata/src/exposure.printSecret
testdata/src/exposure/exposure.go:16:12 CT004: secret 'apiKey' passed to fmt.Printf in github.com/oasilturk/ctguard/testdata/src/exposure.printSecret
testdata/src/exposure/exposure.go:17:13 CT004: secret 'apiKey' passed to fmt.Println in github.com/oasilturk/ctguard/testdata/src/exposure.printSecret
testdata/src/exposure/exposure.go:24:16 CT004: secret 'token' passed to fmt.Sprint in github.com/oasilturk/ctguard/testdata/src/exposure.sprintSecret
testdata/src/exposure/exposure.go:25:17 CT004: secret 'token' passed to fmt.Sprintf in github.com/oasilturk/ctguard/testdata/src/exposure.sprintSecret
testdata/src/exposure/exposure.go:26:21 CT004: secret 'token' passed to fmt.Sprintln in github.com/oasilturk/ctguard/testdata/src/exposure.sprintSecret
testdata/src/exposure/exposure.go:33:12 CT004: secret 'password' passed to fmt.Fprint in github.com/oasilturk/ctguard/testdata/src/exposure.fprintSecret
testdata/src/exposure/exposure.go:34:13 CT004: secret 'password' passed to fmt.Fprintf in github.com/oasilturk/ctguard/testdata/src/exposure.fprintSecret
testdata/src/exposure/exposure.go:35:14 CT004: secret 'password' passed to fmt.Fprintln in github.com/oasilturk/ctguard/testdata/src/exposure.fprintSecret
testdata/src/exposure/exposure.go:42:19 CT004: secret 'secret' passed to fmt.Errorf in github.com/oasilturk/ctguard/testdata/src/exposure.errorWithSecret
testdata/src/exposure/exposure.go:49:11 CT004: secret 'key' passed to log.Print in github.com/oasilturk/ctguard/testdata/src/exposure.logSecret
testdata/src/exposure/exposure.go:50:12 CT004: secret 'key' passed to log.Printf in github.com/oasilturk/ctguard/testdata/src/exposure.logSecret
testdata/src/exposure/exposure.go:51:13 CT004: secret 'key' passed to log.Println in github.com/oasilturk/ctguard/testdata/src/exposure.logSecret
testdata/src/exposure/exposure.go:59:13 CT004: secret 'secret' passed to fmt.Println in github.com/oasilturk/ctguard/testdata/src/exposure.derivedSecret
testdata/src/exposure/exposure.go:80:13 CT004: secret 'key' passed to fmt.Println in github.com/oasilturk/ctguard/testdata/src/exposure.multipleSecrets
testdata/src/exposure/exposure.go:81:13 CT004: secret 'token' passed to fmt.Println in github.com/oasilturk/ctguard/testdata/src/exposure.multipleSecrets
