[
  {
    "pos": "testdata/src/ignores/ignores.go:38:14",
    "message": "CT001: branch depends on secret 'key' (confidence: high)",
    "rule": "CT001",
    "confidence": "high"
  },
  {
    "pos": "testdata/src/ignores/ignores.go:48:20",
    "message": "CT002: bytes.Equal uses secret 'key' (confidence: high)",
    "rule": "CT002",
    "confidence": "high"
  },
  {
    "pos": "testdata/src/ignores/ignores.go:69:17",
    "message": "CT002: bytes.Equal uses secret 'key' (confidence: high)",
    "rule": "CT002",
    "confidence": "high"
  },
  {
    "pos": "testdata/src/ignores/ignores.go:80:20",
    "message": "CT002: bytes.Equal uses secret 'key' (confidence: high)",
    "rule": "CT002",
    "confidence": "high"
  }
]
