testdata/src/indexing/indexing.go:84:10 CT001: branch depends on secret 'target' (confidence: high)
testdata/src/indexing/indexing.go:9:14 CT003: array/slice index depends on secret 'idx' (confidence: high)
testdata/src/indexing/indexing.go:16:13 CT003: array/slice index depends on secret 'key' (confidence: high)
testdata/src/indexing/indexing.go:23:10 CT003: map lookup key depends on secret 'secret' (confidence: high)
testdata/src/indexing/indexing.go:31:14 CT003: array/slice index depends on secret 'key' (confidence: high)
testdata/src/indexing/indexing.go:50:11 CT003: array/slice index depends on secret 'i' (confidence: high)
testdata/src/indexing/indexing.go:51:11 CT003: array/slice index depends on secret 'i' (confidence: high)
testdata/src/indexing/indexing.go:61:13 CT003: array/slice index depends on secret 'input' (confidence: high)
testdata/src/indexing/indexing.go:68:12 CT003: map lookup key depends on secret 'key' (confidence: high)
testdata/src/indexing/indexing.go:76:15 CT003: array/slice index depends on secret 'i' (confidence: high)
