[
  {
    "pos": "testdata/src/indexing/indexing.go:84:10",
    "message": "CT001: branch depends on secret 'target' in github.com/oasilturk/ctguard/testdata/src/indexing.rangeWithSecretIndex",
    "rule": "CT001"
  },
  {
    "pos": "testdata/src/indexing/indexing.go:9:14",
    "message": "CT003: array/slice index depends on secret 'idx' in github.com/oasilturk/ctguard/testdata/src/indexing.arrayLookup",
    "rule": "CT003"
  },
  {
    "pos": "testdata/src/indexing/indexing.go:16:13",
    "message": "CT003: array/slice index depends on secret 'key' in github.com/oasilturk/ctguard/testdata/src/indexing.sliceLookup",
    "rule": "CT003"
  },
  {
    "pos": "testdata/src/indexing/indexing.go:23:10",
    "message": "CT003: map lookup key depends on secret 'secret' in github.com/oasilturk/ctguard/testdata/src/indexing.mapLookup",
    "rule": "CT003"
  },
  {
    "pos": "testdata/src/indexing/indexing.go:31:14",
    "message": "CT003: array/slice index depends on secret 'key' in github.com/oasilturk/ctguard/testdata/src/indexing.derivedIndex",
    "rule": "CT003"
  },
  {
    "pos": "testdata/src/indexing/indexing.go:50:11",
    "message": "CT003: array/slice index depends on secret 'i' in github.com/oasilturk/ctguard/testdata/src/indexing.multipleAccesses",
    "rule": "CT003"
  },
  {
    "pos": "testdata/src/indexing/indexing.go:51:11",
    "message": "CT003: array/slice index depends on secret 'i' in github.com/oasilturk/ctguard/testdata/src/indexing.multipleAccesses",
    "rule": "CT003"
  },
  {
    "pos": "testdata/src/indexing/indexing.go:61:13",
    "message": "CT003: array/slice index depends on secret 'input' in github.com/oasilturk/ctguard/testdata/src/indexing.sboxTransform",
    "rule": "CT003"
  },
  {
    "pos": "testdata/src/indexing/indexing.go:68:12",
    "message": "CT003: map lookup key depends on secret 'key' in github.com/oasilturk/ctguard/testdata/src/indexing.mapWithOk",
    "rule": "CT003"
  },
  {
    "pos": "testdata/src/indexing/indexing.go:76:15",
    "message": "CT003: array/slice index depends on secret 'i' in github.com/oasilturk/ctguard/testdata/src/indexing.nestedIndexing",
    "rule": "CT003"
  }
]
