[
  {
    "pos": "testdata/src/mac/mac.go:18:20",
    "message": "CT002: bytes.Equal uses secret 'hmac' (confidence: high)",
    "rule": "CT002",
    "confidence": "high"
  },
  {
    "pos": "testdata/src/mac/mac.go:24:42",
    "message": "CT002: string comparison uses secret 'hmac' (confidence: low)",
    "rule": "CT002",
    "confidence": "low"
  },
  {
    "pos": "testdata/src/mac/mac.go:35:20",
    "message": "CT002: bytes.Equal uses secret 'computeMAC' (confidence: low)",
    "rule": "CT002",
    "confidence": "low"
  },
  {
    "pos": "testdata/src/mac/mac.go:42:20",
    "message": "CT002: bytes.Equal uses secret 'hmac' (confidence: high)",
    "rule": "CT002",
    "confidence": "high"
  },
  {
    "pos": "testdata/src/mac/mac.go:66:17",
    "message": "CT002: string comparison uses secret 'hmac' (confidence: low)",
    "rule": "CT002",
    "confidence": "low"
  }
]
