testdata/src/mac/mac.go:18:20 CT002: bytes.Equal uses secret 'hmac' (confidence: high)
testdata/src/mac/mac.go:24:42 CT002: string comparison uses secret 'hmac' (confidence: high)
testdata/src/mac/mac.go:35:20 CT002: bytes.Equal uses secret 'computeMAC' (confidence: high)
testdata/src/mac/mac.go:42:20 CT002: bytes.Equal uses secret 'hmac' (confidence: high)
testdata/src/mac/mac.go:54:20 CT002: bytes.Equal uses secret 'hmac' (confidence: high)
testdata/src/mac/mac.go:78:17 CT002: string comparison uses secret 'hmac' (confidence: high)
